Archive member included to satisfy reference by file (symbol)

C:/PROJECT/temp/qiita/qsf/nios2_ci_sample/software/ci_test_bsp\libhal_bsp.a(alt_load.o)
                              C:/PROJECT/temp/qiita/qsf/nios2_ci_sample/software/ci_test_bsp/obj/HAL/src/crt0.o (alt_load)
C:/PROJECT/temp/qiita/qsf/nios2_ci_sample/software/ci_test_bsp\libhal_bsp.a(alt_main.o)
                              C:/PROJECT/temp/qiita/qsf/nios2_ci_sample/software/ci_test_bsp/obj/HAL/src/crt0.o (alt_main)
C:/PROJECT/temp/qiita/qsf/nios2_ci_sample/software/ci_test_bsp\libhal_bsp.a(alt_printf.o)
                              obj/default/hello_world_small.o (alt_printf)
C:/PROJECT/temp/qiita/qsf/nios2_ci_sample/software/ci_test_bsp\libhal_bsp.a(alt_putchar.o)
                              C:/PROJECT/temp/qiita/qsf/nios2_ci_sample/software/ci_test_bsp\libhal_bsp.a(alt_printf.o) (alt_putchar)
C:/PROJECT/temp/qiita/qsf/nios2_ci_sample/software/ci_test_bsp\libhal_bsp.a(alt_putstr.o)
                              obj/default/hello_world_small.o (alt_putstr)
C:/PROJECT/temp/qiita/qsf/nios2_ci_sample/software/ci_test_bsp\libhal_bsp.a(alt_sys_init.o)
                              C:/PROJECT/temp/qiita/qsf/nios2_ci_sample/software/ci_test_bsp\libhal_bsp.a(alt_main.o) (alt_irq_init)
C:/PROJECT/temp/qiita/qsf/nios2_ci_sample/software/ci_test_bsp\libhal_bsp.a(altera_avalon_jtag_uart_write.o)
                              C:/PROJECT/temp/qiita/qsf/nios2_ci_sample/software/ci_test_bsp\libhal_bsp.a(alt_putchar.o) (altera_avalon_jtag_uart_write)
C:/PROJECT/temp/qiita/qsf/nios2_ci_sample/software/ci_test_bsp\libhal_bsp.a(alt_dcache_flush_all.o)
                              C:/PROJECT/temp/qiita/qsf/nios2_ci_sample/software/ci_test_bsp\libhal_bsp.a(alt_load.o) (alt_dcache_flush_all)
C:/PROJECT/temp/qiita/qsf/nios2_ci_sample/software/ci_test_bsp\libhal_bsp.a(alt_icache_flush_all.o)
                              C:/PROJECT/temp/qiita/qsf/nios2_ci_sample/software/ci_test_bsp\libhal_bsp.a(alt_load.o) (alt_icache_flush_all)
C:/PROJECT/temp/qiita/qsf/nios2_ci_sample/software/ci_test_bsp\libhal_bsp.a(altera_nios2_gen2_irq.o)
                              C:/PROJECT/temp/qiita/qsf/nios2_ci_sample/software/ci_test_bsp\libhal_bsp.a(alt_sys_init.o) (altera_nios2_gen2_irq_init)
c:/develop/quartus/20.1le/nios2eds/bin/gnu/h-x86_64-mingw32/bin/../lib/gcc/nios2-elf/9.2.1/../../../../../H-x86_64-mingw32/nios2-elf/lib/mno-hw-mul\libsmallc.a(lib_a-strlen.o)
                              C:/PROJECT/temp/qiita/qsf/nios2_ci_sample/software/ci_test_bsp\libhal_bsp.a(alt_putstr.o) (strlen)

Memory Configuration

Name             Origin             Length             Attributes
reset            0x0000000000000000 0x0000000000000020
onchip_memory2_0 0x0000000000000020 0x0000000000007fe0
*default*        0x0000000000000000 0xffffffffffffffff

Linker script and memory map

LOAD C:/PROJECT/temp/qiita/qsf/nios2_ci_sample/software/ci_test_bsp/obj/HAL/src/crt0.o
LOAD obj/default/hello_world_small.o
LOAD c:/develop/quartus/20.1le/nios2eds/bin/gnu/h-x86_64-mingw32/bin/../lib/gcc/nios2-elf/9.2.1/../../../../../H-x86_64-mingw32/nios2-elf/lib/mno-hw-mul\libstdc++.a
LOAD c:/develop/quartus/20.1le/nios2eds/bin/gnu/h-x86_64-mingw32/bin/../lib/gcc/nios2-elf/9.2.1/../../../../../H-x86_64-mingw32/nios2-elf/lib/mno-hw-mul\libm.a
LOAD c:/develop/quartus/20.1le/nios2eds/bin/gnu/h-x86_64-mingw32/bin/../lib/gcc/nios2-elf/9.2.1/mno-hw-mul\libgcc.a
START GROUP
LOAD c:/develop/quartus/20.1le/nios2eds/bin/gnu/h-x86_64-mingw32/bin/../lib/gcc/nios2-elf/9.2.1/../../../../../H-x86_64-mingw32/nios2-elf/lib/mno-hw-mul\libsmallc.a
LOAD c:/develop/quartus/20.1le/nios2eds/bin/gnu/h-x86_64-mingw32/bin/../lib/gcc/nios2-elf/9.2.1/mno-hw-mul\libgcc.a
LOAD C:/PROJECT/temp/qiita/qsf/nios2_ci_sample/software/ci_test_bsp\libhal_bsp.a
LOAD c:/develop/quartus/20.1le/nios2eds/bin/gnu/h-x86_64-mingw32/bin/../lib/gcc/nios2-elf/9.2.1/../../../../../H-x86_64-mingw32/nios2-elf/lib/mno-hw-mul\libm.a
END GROUP
LOAD c:/develop/quartus/20.1le/nios2eds/bin/gnu/h-x86_64-mingw32/bin/../lib/gcc/nios2-elf/9.2.1/mno-hw-mul\libgcc.a
                0x0000000000000000                __alt_mem_onchip_memory2_0 = 0x0

.entry          0x0000000000000000       0x20
 *(.entry)
 .entry         0x0000000000000000       0x20 C:/PROJECT/temp/qiita/qsf/nios2_ci_sample/software/ci_test_bsp/obj/HAL/src/crt0.o
                0x0000000000000000                __reset
                0x000000000000000c                _exit

.exceptions     0x0000000000000020        0x0
                0x0000000000000020                PROVIDE (__ram_exceptions_start = ABSOLUTE (.))
                0x0000000000000020                . = ALIGN (0x20)
 *(.irq)
 *(.exceptions.entry.label)
 *(.exceptions.entry.user)
 *(.exceptions.entry.ecc_fatal)
 *(.exceptions.entry)
 *(.exceptions.irqtest.user)
 *(.exceptions.irqtest)
 *(.exceptions.irqhandler.user)
 *(.exceptions.irqhandler)
 *(.exceptions.irqreturn.user)
 *(.exceptions.irqreturn)
 *(.exceptions.notirq.label)
 *(.exceptions.notirq.user)
 *(.exceptions.notirq)
 *(.exceptions.soft.user)
 *(.exceptions.soft)
 *(.exceptions.unknown.user)
 *(.exceptions.unknown)
 *(.exceptions.exit.label)
 *(.exceptions.exit.user)
 *(.exceptions.exit)
 *(.exceptions)
                0x0000000000000020                PROVIDE (__ram_exceptions_end = ABSOLUTE (.))
                0x0000000000000020                PROVIDE (__flash_exceptions_start = LOADADDR (.exceptions))

.text           0x0000000000000020      0x3f0
                [!provide]                        PROVIDE (stext = ABSOLUTE (.))
 *(.interp)
 *(.hash)
 *(.dynsym)
 *(.dynstr)
 *(.gnu.version)
 *(.gnu.version_d)
 *(.gnu.version_r)
 *(.rel.init)
 *(.rela.init)
 *(.rel.text .rel.text.* .rel.gnu.linkonce.t.*)
 *(.rela.text .rela.text.* .rela.gnu.linkonce.t.*)
 *(.rel.fini)
 *(.rela.fini)
 *(.rel.rodata .rel.rodata.* .rel.gnu.linkonce.r.*)
 *(.rela.rodata .rela.rodata.* .rela.gnu.linkonce.r.*)
 *(.rel.data .rel.data.* .rel.gnu.linkonce.d.*)
 *(.rela.data .rela.data.* .rela.gnu.linkonce.d.*)
 *(.rel.tdata .rel.tdata.* .rel.gnu.linkonce.td.*)
 *(.rela.tdata .rela.tdata.* .rela.gnu.linkonce.td.*)
 *(.rel.tbss .rel.tbss.* .rel.gnu.linkonce.tb.*)
 *(.rela.tbss .rela.tbss.* .rela.gnu.linkonce.tb.*)
 *(.rel.ctors)
 *(.rela.ctors)
 *(.rel.dtors)
 *(.rela.dtors)
 *(.rel.got)
 *(.rela.got)
 *(.rel.sdata .rel.sdata.* .rel.gnu.linkonce.s.*)
 *(.rela.sdata .rela.sdata.* .rela.gnu.linkonce.s.*)
 *(.rel.sbss .rel.sbss.* .rel.gnu.linkonce.sb.*)
 *(.rela.sbss .rela.sbss.* .rela.gnu.linkonce.sb.*)
 *(.rel.sdata2 .rel.sdata2.* .rel.gnu.linkonce.s2.*)
 *(.rela.sdata2 .rela.sdata2.* .rela.gnu.linkonce.s2.*)
 *(.rel.sbss2 .rel.sbss2.* .rel.gnu.linkonce.sb2.*)
 *(.rela.sbss2 .rela.sbss2.* .rela.gnu.linkonce.sb2.*)
 *(.rel.bss .rel.bss.* .rel.gnu.linkonce.b.*)
 *(.rela.bss .rela.bss.* .rela.gnu.linkonce.b.*)
 *(.rel.plt)
 *(.rela.plt)
 *(.rel.dyn)
 *(.init)
 *(.plt)
 *(.text .stub .text.* .gnu.linkonce.t.*)
 .text          0x0000000000000020       0x3c C:/PROJECT/temp/qiita/qsf/nios2_ci_sample/software/ci_test_bsp/obj/HAL/src/crt0.o
                0x0000000000000020                _start
 .text          0x000000000000005c       0x40 obj/default/hello_world_small.o
                0x000000000000005c                xorshift128
 .text.startup  0x000000000000009c       0x50 obj/default/hello_world_small.o
                0x000000000000009c                main
 .text          0x00000000000000ec       0xb4 C:/PROJECT/temp/qiita/qsf/nios2_ci_sample/software/ci_test_bsp\libhal_bsp.a(alt_load.o)
                0x00000000000000ec                alt_load
 .text          0x00000000000001a0       0x2c C:/PROJECT/temp/qiita/qsf/nios2_ci_sample/software/ci_test_bsp\libhal_bsp.a(alt_main.o)
                0x00000000000001a0                alt_main
 .text          0x00000000000001cc      0x140 C:/PROJECT/temp/qiita/qsf/nios2_ci_sample/software/ci_test_bsp\libhal_bsp.a(alt_printf.o)
                0x00000000000001cc                alt_printf
 .text          0x000000000000030c       0x4c C:/PROJECT/temp/qiita/qsf/nios2_ci_sample/software/ci_test_bsp\libhal_bsp.a(alt_putchar.o)
                0x000000000000030c                alt_putchar
 .text          0x0000000000000358       0x38 C:/PROJECT/temp/qiita/qsf/nios2_ci_sample/software/ci_test_bsp\libhal_bsp.a(alt_putstr.o)
                0x0000000000000358                alt_putstr
 .text          0x0000000000000390       0x24 C:/PROJECT/temp/qiita/qsf/nios2_ci_sample/software/ci_test_bsp\libhal_bsp.a(alt_sys_init.o)
                0x0000000000000390                alt_irq_init
                0x00000000000003b0                alt_sys_init
 .text          0x00000000000003b4       0x30 C:/PROJECT/temp/qiita/qsf/nios2_ci_sample/software/ci_test_bsp\libhal_bsp.a(altera_avalon_jtag_uart_write.o)
                0x00000000000003b4                altera_avalon_jtag_uart_write
 .text          0x00000000000003e4        0x4 C:/PROJECT/temp/qiita/qsf/nios2_ci_sample/software/ci_test_bsp\libhal_bsp.a(alt_dcache_flush_all.o)
                0x00000000000003e4                alt_dcache_flush_all
 .text          0x00000000000003e8        0x4 C:/PROJECT/temp/qiita/qsf/nios2_ci_sample/software/ci_test_bsp\libhal_bsp.a(alt_icache_flush_all.o)
                0x00000000000003e8                alt_icache_flush_all
 .text          0x00000000000003ec        0x8 C:/PROJECT/temp/qiita/qsf/nios2_ci_sample/software/ci_test_bsp\libhal_bsp.a(altera_nios2_gen2_irq.o)
                0x00000000000003ec                altera_nios2_gen2_irq_init
 .text          0x00000000000003f4        0x0 c:/develop/quartus/20.1le/nios2eds/bin/gnu/h-x86_64-mingw32/bin/../lib/gcc/nios2-elf/9.2.1/../../../../../H-x86_64-mingw32/nios2-elf/lib/mno-hw-mul\libsmallc.a(lib_a-strlen.o)
 .text.strlen   0x00000000000003f4       0x1c c:/develop/quartus/20.1le/nios2eds/bin/gnu/h-x86_64-mingw32/bin/../lib/gcc/nios2-elf/9.2.1/../../../../../H-x86_64-mingw32/nios2-elf/lib/mno-hw-mul\libsmallc.a(lib_a-strlen.o)
                0x00000000000003f4                strlen
 *(.gnu.warning.*)
 *(.fini)
                [!provide]                        PROVIDE (__etext = ABSOLUTE (.))
                [!provide]                        PROVIDE (_etext = ABSOLUTE (.))
                [!provide]                        PROVIDE (etext = ABSOLUTE (.))
 *(.eh_frame_hdr)
                0x0000000000000410                . = ALIGN (0x4)
                [!provide]                        PROVIDE (__preinit_array_start = ABSOLUTE (.))
 *(.preinit_array)
                [!provide]                        PROVIDE (__preinit_array_end = ABSOLUTE (.))
                [!provide]                        PROVIDE (__init_array_start = ABSOLUTE (.))
 *(.init_array)
                [!provide]                        PROVIDE (__init_array_end = ABSOLUTE (.))
                [!provide]                        PROVIDE (__fini_array_start = ABSOLUTE (.))
 *(.fini_array)
                [!provide]                        PROVIDE (__fini_array_end = ABSOLUTE (.))
 *(.eh_frame)
 *(.gcc_except_table .gcc_except_table.*)
 *(.dynamic)
                [!provide]                        PROVIDE (__CTOR_LIST__ = ABSOLUTE (.))
 *(.ctors)
 *(SORT_BY_NAME(.ctors.*))
                [!provide]                        PROVIDE (__CTOR_END__ = ABSOLUTE (.))
                [!provide]                        PROVIDE (__DTOR_LIST__ = ABSOLUTE (.))
 *(.dtors)
 *(SORT_BY_NAME(.dtors.*))
                [!provide]                        PROVIDE (__DTOR_END__ = ABSOLUTE (.))
 *(.jcr)
                0x0000000000000410                . = ALIGN (0x4)

.rodata         0x0000000000000410       0x38
                0x0000000000000410                PROVIDE (__ram_rodata_start = ABSOLUTE (.))
                0x0000000000000410                . = ALIGN (0x4)
 *(.rodata .rodata.* .gnu.linkonce.r.*)
 .rodata.str1.4
                0x0000000000000410       0x38 obj/default/hello_world_small.o
                                         0x36 (size before relaxing)
 *(.rodata1)
                0x0000000000000448                . = ALIGN (0x4)
                0x0000000000000448                PROVIDE (__ram_rodata_end = ABSOLUTE (.))
                0x0000000000000410                PROVIDE (__flash_rodata_start = LOADADDR (.rodata))

.rwdata         0x0000000000000448       0x14 load address 0x000000000000045c
                0x0000000000000448                PROVIDE (__ram_rwdata_start = ABSOLUTE (.))
                0x0000000000000448                . = ALIGN (0x4)
 *(.got.plt)
 *(.got)
 *(.data1)
 *(.data .data.* .gnu.linkonce.d.*)
 .data          0x0000000000000448        0x0 C:/PROJECT/temp/qiita/qsf/nios2_ci_sample/software/ci_test_bsp/obj/HAL/src/crt0.o
 .data          0x0000000000000448        0x0 obj/default/hello_world_small.o
 .data          0x0000000000000448        0x0 C:/PROJECT/temp/qiita/qsf/nios2_ci_sample/software/ci_test_bsp\libhal_bsp.a(alt_load.o)
 .data          0x0000000000000448        0x0 C:/PROJECT/temp/qiita/qsf/nios2_ci_sample/software/ci_test_bsp\libhal_bsp.a(alt_main.o)
 .data          0x0000000000000448        0x0 C:/PROJECT/temp/qiita/qsf/nios2_ci_sample/software/ci_test_bsp\libhal_bsp.a(alt_printf.o)
 .data          0x0000000000000448        0x0 C:/PROJECT/temp/qiita/qsf/nios2_ci_sample/software/ci_test_bsp\libhal_bsp.a(alt_putchar.o)
 .data          0x0000000000000448        0x0 C:/PROJECT/temp/qiita/qsf/nios2_ci_sample/software/ci_test_bsp\libhal_bsp.a(alt_putstr.o)
 .data          0x0000000000000448        0x0 C:/PROJECT/temp/qiita/qsf/nios2_ci_sample/software/ci_test_bsp\libhal_bsp.a(alt_sys_init.o)
 .data          0x0000000000000448        0x0 C:/PROJECT/temp/qiita/qsf/nios2_ci_sample/software/ci_test_bsp\libhal_bsp.a(altera_avalon_jtag_uart_write.o)
 .data          0x0000000000000448        0x0 C:/PROJECT/temp/qiita/qsf/nios2_ci_sample/software/ci_test_bsp\libhal_bsp.a(alt_dcache_flush_all.o)
 .data          0x0000000000000448        0x0 C:/PROJECT/temp/qiita/qsf/nios2_ci_sample/software/ci_test_bsp\libhal_bsp.a(alt_icache_flush_all.o)
 .data          0x0000000000000448        0x0 C:/PROJECT/temp/qiita/qsf/nios2_ci_sample/software/ci_test_bsp\libhal_bsp.a(altera_nios2_gen2_irq.o)
 .data          0x0000000000000448        0x0 c:/develop/quartus/20.1le/nios2eds/bin/gnu/h-x86_64-mingw32/bin/../lib/gcc/nios2-elf/9.2.1/../../../../../H-x86_64-mingw32/nios2-elf/lib/mno-hw-mul\libsmallc.a(lib_a-strlen.o)
                0x0000000000008448                _gp = ABSOLUTE ((. + 0x8000))
                [!provide]                        PROVIDE (gp = _gp)
 *(.rwdata .rwdata.*)
 *(.sdata .sdata.* .gnu.linkonce.s.*)
 .sdata         0x0000000000000448       0x10 obj/default/hello_world_small.o
 .sdata         0x0000000000000458        0x4 C:/PROJECT/temp/qiita/qsf/nios2_ci_sample/software/ci_test_bsp\libhal_bsp.a(alt_sys_init.o)
                0x0000000000000458                jtag_uart_0
 *(.sdata2 .sdata2.* .gnu.linkonce.s2.*)
                0x000000000000045c                . = ALIGN (0x4)
                0x000000000000045c                _edata = ABSOLUTE (.)
                [!provide]                        PROVIDE (edata = ABSOLUTE (.))
                0x000000000000045c                PROVIDE (__ram_rwdata_end = ABSOLUTE (.))
                0x000000000000045c                PROVIDE (__flash_rwdata_start = LOADADDR (.rwdata))

.bss            0x0000000000000470        0xc
                0x0000000000000470                __bss_start = ABSOLUTE (.)
                [!provide]                        PROVIDE (__sbss_start = ABSOLUTE (.))
                [!provide]                        PROVIDE (___sbss_start = ABSOLUTE (.))
 *(.dynsbss)
 *(.sbss .sbss.* .gnu.linkonce.sb.*)
 .sbss          0x0000000000000470        0xc C:/PROJECT/temp/qiita/qsf/nios2_ci_sample/software/ci_test_bsp\libhal_bsp.a(alt_main.o)
                0x0000000000000470                alt_envp
                0x0000000000000474                alt_argv
                0x0000000000000478                alt_argc
 *(.sbss2 .sbss2.* .gnu.linkonce.sb2.*)
 *(.scommon)
                [!provide]                        PROVIDE (__sbss_end = ABSOLUTE (.))
                [!provide]                        PROVIDE (___sbss_end = ABSOLUTE (.))
 *(.dynbss)
 *(.bss .bss.* .gnu.linkonce.b.*)
 .bss           0x000000000000047c        0x0 C:/PROJECT/temp/qiita/qsf/nios2_ci_sample/software/ci_test_bsp/obj/HAL/src/crt0.o
 .bss           0x000000000000047c        0x0 obj/default/hello_world_small.o
 .bss           0x000000000000047c        0x0 C:/PROJECT/temp/qiita/qsf/nios2_ci_sample/software/ci_test_bsp\libhal_bsp.a(alt_load.o)
 .bss           0x000000000000047c        0x0 C:/PROJECT/temp/qiita/qsf/nios2_ci_sample/software/ci_test_bsp\libhal_bsp.a(alt_main.o)
 .bss           0x000000000000047c        0x0 C:/PROJECT/temp/qiita/qsf/nios2_ci_sample/software/ci_test_bsp\libhal_bsp.a(alt_printf.o)
 .bss           0x000000000000047c        0x0 C:/PROJECT/temp/qiita/qsf/nios2_ci_sample/software/ci_test_bsp\libhal_bsp.a(alt_putchar.o)
 .bss           0x000000000000047c        0x0 C:/PROJECT/temp/qiita/qsf/nios2_ci_sample/software/ci_test_bsp\libhal_bsp.a(alt_putstr.o)
 .bss           0x000000000000047c        0x0 C:/PROJECT/temp/qiita/qsf/nios2_ci_sample/software/ci_test_bsp\libhal_bsp.a(alt_sys_init.o)
 .bss           0x000000000000047c        0x0 C:/PROJECT/temp/qiita/qsf/nios2_ci_sample/software/ci_test_bsp\libhal_bsp.a(altera_avalon_jtag_uart_write.o)
 .bss           0x000000000000047c        0x0 C:/PROJECT/temp/qiita/qsf/nios2_ci_sample/software/ci_test_bsp\libhal_bsp.a(alt_dcache_flush_all.o)
 .bss           0x000000000000047c        0x0 C:/PROJECT/temp/qiita/qsf/nios2_ci_sample/software/ci_test_bsp\libhal_bsp.a(alt_icache_flush_all.o)
 .bss           0x000000000000047c        0x0 C:/PROJECT/temp/qiita/qsf/nios2_ci_sample/software/ci_test_bsp\libhal_bsp.a(altera_nios2_gen2_irq.o)
 .bss           0x000000000000047c        0x0 c:/develop/quartus/20.1le/nios2eds/bin/gnu/h-x86_64-mingw32/bin/../lib/gcc/nios2-elf/9.2.1/../../../../../H-x86_64-mingw32/nios2-elf/lib/mno-hw-mul\libsmallc.a(lib_a-strlen.o)
 *(COMMON)
                0x000000000000047c                . = ALIGN (0x4)
                0x000000000000047c                __bss_end = ABSOLUTE (.)

.onchip_memory2_0
                0x000000000000047c        0x0
                [!provide]                        PROVIDE (_alt_partition_onchip_memory2_0_start = ABSOLUTE (.))
 *(.onchip_memory2_0 .onchip_memory2_0. onchip_memory2_0.*)
                0x000000000000047c                . = ALIGN (0x4)
                [!provide]                        PROVIDE (_alt_partition_onchip_memory2_0_end = ABSOLUTE (.))
                0x000000000000047c                _end = ABSOLUTE (.)
                0x000000000000047c                end = ABSOLUTE (.)
                0x000000000000047c                __alt_stack_base = ABSOLUTE (.)
                [!provide]                        PROVIDE (_alt_partition_onchip_memory2_0_load_addr = LOADADDR (.onchip_memory2_0))

.stab
 *(.stab)

.stabstr
 *(.stabstr)

.stab.excl
 *(.stab.excl)

.stab.exclstr
 *(.stab.exclstr)

.stab.index
 *(.stab.index)

.stab.indexstr
 *(.stab.indexstr)

.comment        0x0000000000000000       0x2c
 *(.comment)
 .comment       0x0000000000000000       0x2c obj/default/hello_world_small.o
                                         0x2d (size before relaxing)
 .comment       0x000000000000002c       0x2d C:/PROJECT/temp/qiita/qsf/nios2_ci_sample/software/ci_test_bsp\libhal_bsp.a(alt_load.o)
 .comment       0x000000000000002c       0x2d C:/PROJECT/temp/qiita/qsf/nios2_ci_sample/software/ci_test_bsp\libhal_bsp.a(alt_main.o)
 .comment       0x000000000000002c       0x2d C:/PROJECT/temp/qiita/qsf/nios2_ci_sample/software/ci_test_bsp\libhal_bsp.a(alt_printf.o)
 .comment       0x000000000000002c       0x2d C:/PROJECT/temp/qiita/qsf/nios2_ci_sample/software/ci_test_bsp\libhal_bsp.a(alt_putchar.o)
 .comment       0x000000000000002c       0x2d C:/PROJECT/temp/qiita/qsf/nios2_ci_sample/software/ci_test_bsp\libhal_bsp.a(alt_putstr.o)
 .comment       0x000000000000002c       0x2d C:/PROJECT/temp/qiita/qsf/nios2_ci_sample/software/ci_test_bsp\libhal_bsp.a(alt_sys_init.o)
 .comment       0x000000000000002c       0x2d C:/PROJECT/temp/qiita/qsf/nios2_ci_sample/software/ci_test_bsp\libhal_bsp.a(altera_avalon_jtag_uart_write.o)
 .comment       0x000000000000002c       0x2d C:/PROJECT/temp/qiita/qsf/nios2_ci_sample/software/ci_test_bsp\libhal_bsp.a(alt_dcache_flush_all.o)
 .comment       0x000000000000002c       0x2d C:/PROJECT/temp/qiita/qsf/nios2_ci_sample/software/ci_test_bsp\libhal_bsp.a(alt_icache_flush_all.o)
 .comment       0x000000000000002c       0x2d C:/PROJECT/temp/qiita/qsf/nios2_ci_sample/software/ci_test_bsp\libhal_bsp.a(altera_nios2_gen2_irq.o)
 .comment       0x000000000000002c       0x2d c:/develop/quartus/20.1le/nios2eds/bin/gnu/h-x86_64-mingw32/bin/../lib/gcc/nios2-elf/9.2.1/../../../../../H-x86_64-mingw32/nios2-elf/lib/mno-hw-mul\libsmallc.a(lib_a-strlen.o)

.debug
 *(.debug)

.line
 *(.line)

.debug_srcinfo
 *(.debug_srcinfo)

.debug_sfnames
 *(.debug_sfnames)

.debug_aranges  0x0000000000000000      0x1b0
 *(.debug_aranges)
 .debug_aranges
                0x0000000000000000       0x28 C:/PROJECT/temp/qiita/qsf/nios2_ci_sample/software/ci_test_bsp/obj/HAL/src/crt0.o
 .debug_aranges
                0x0000000000000028       0x28 obj/default/hello_world_small.o
 .debug_aranges
                0x0000000000000050       0x20 C:/PROJECT/temp/qiita/qsf/nios2_ci_sample/software/ci_test_bsp\libhal_bsp.a(alt_load.o)
 .debug_aranges
                0x0000000000000070       0x20 C:/PROJECT/temp/qiita/qsf/nios2_ci_sample/software/ci_test_bsp\libhal_bsp.a(alt_main.o)
 .debug_aranges
                0x0000000000000090       0x20 C:/PROJECT/temp/qiita/qsf/nios2_ci_sample/software/ci_test_bsp\libhal_bsp.a(alt_printf.o)
 .debug_aranges
                0x00000000000000b0       0x20 C:/PROJECT/temp/qiita/qsf/nios2_ci_sample/software/ci_test_bsp\libhal_bsp.a(alt_putchar.o)
 .debug_aranges
                0x00000000000000d0       0x20 C:/PROJECT/temp/qiita/qsf/nios2_ci_sample/software/ci_test_bsp\libhal_bsp.a(alt_putstr.o)
 .debug_aranges
                0x00000000000000f0       0x20 C:/PROJECT/temp/qiita/qsf/nios2_ci_sample/software/ci_test_bsp\libhal_bsp.a(alt_sys_init.o)
 .debug_aranges
                0x0000000000000110       0x20 C:/PROJECT/temp/qiita/qsf/nios2_ci_sample/software/ci_test_bsp\libhal_bsp.a(altera_avalon_jtag_uart_write.o)
 .debug_aranges
                0x0000000000000130       0x20 C:/PROJECT/temp/qiita/qsf/nios2_ci_sample/software/ci_test_bsp\libhal_bsp.a(alt_dcache_flush_all.o)
 .debug_aranges
                0x0000000000000150       0x20 C:/PROJECT/temp/qiita/qsf/nios2_ci_sample/software/ci_test_bsp\libhal_bsp.a(alt_icache_flush_all.o)
 .debug_aranges
                0x0000000000000170       0x20 C:/PROJECT/temp/qiita/qsf/nios2_ci_sample/software/ci_test_bsp\libhal_bsp.a(altera_nios2_gen2_irq.o)
 .debug_aranges
                0x0000000000000190       0x20 c:/develop/quartus/20.1le/nios2eds/bin/gnu/h-x86_64-mingw32/bin/../lib/gcc/nios2-elf/9.2.1/../../../../../H-x86_64-mingw32/nios2-elf/lib/mno-hw-mul\libsmallc.a(lib_a-strlen.o)

.debug_pubnames
 *(.debug_pubnames)

.debug_info     0x0000000000000000     0x677a
 *(.debug_info .gnu.linkonce.wi.*)
 .debug_info    0x0000000000000000       0x22 C:/PROJECT/temp/qiita/qsf/nios2_ci_sample/software/ci_test_bsp/obj/HAL/src/crt0.o
 .debug_info    0x0000000000000022      0x19e obj/default/hello_world_small.o
 .debug_info    0x00000000000001c0      0xaed C:/PROJECT/temp/qiita/qsf/nios2_ci_sample/software/ci_test_bsp\libhal_bsp.a(alt_load.o)
 .debug_info    0x0000000000000cad      0xeb0 C:/PROJECT/temp/qiita/qsf/nios2_ci_sample/software/ci_test_bsp\libhal_bsp.a(alt_main.o)
 .debug_info    0x0000000000001b5d      0x170 C:/PROJECT/temp/qiita/qsf/nios2_ci_sample/software/ci_test_bsp\libhal_bsp.a(alt_printf.o)
 .debug_info    0x0000000000001ccd      0x9b3 C:/PROJECT/temp/qiita/qsf/nios2_ci_sample/software/ci_test_bsp\libhal_bsp.a(alt_putchar.o)
 .debug_info    0x0000000000002680      0x9c3 C:/PROJECT/temp/qiita/qsf/nios2_ci_sample/software/ci_test_bsp\libhal_bsp.a(alt_putstr.o)
 .debug_info    0x0000000000003043      0xa86 C:/PROJECT/temp/qiita/qsf/nios2_ci_sample/software/ci_test_bsp\libhal_bsp.a(alt_sys_init.o)
 .debug_info    0x0000000000003ac9      0xaab C:/PROJECT/temp/qiita/qsf/nios2_ci_sample/software/ci_test_bsp\libhal_bsp.a(altera_avalon_jtag_uart_write.o)
 .debug_info    0x0000000000004574      0x934 C:/PROJECT/temp/qiita/qsf/nios2_ci_sample/software/ci_test_bsp\libhal_bsp.a(alt_dcache_flush_all.o)
 .debug_info    0x0000000000004ea8      0x934 C:/PROJECT/temp/qiita/qsf/nios2_ci_sample/software/ci_test_bsp\libhal_bsp.a(alt_icache_flush_all.o)
 .debug_info    0x00000000000057dc      0x955 C:/PROJECT/temp/qiita/qsf/nios2_ci_sample/software/ci_test_bsp\libhal_bsp.a(altera_nios2_gen2_irq.o)
 .debug_info    0x0000000000006131      0x649 c:/develop/quartus/20.1le/nios2eds/bin/gnu/h-x86_64-mingw32/bin/../lib/gcc/nios2-elf/9.2.1/../../../../../H-x86_64-mingw32/nios2-elf/lib/mno-hw-mul\libsmallc.a(lib_a-strlen.o)

.debug_abbrev   0x0000000000000000     0x176c
 *(.debug_abbrev)
 .debug_abbrev  0x0000000000000000       0x12 C:/PROJECT/temp/qiita/qsf/nios2_ci_sample/software/ci_test_bsp/obj/HAL/src/crt0.o
 .debug_abbrev  0x0000000000000012       0xdd obj/default/hello_world_small.o
 .debug_abbrev  0x00000000000000ef      0x277 C:/PROJECT/temp/qiita/qsf/nios2_ci_sample/software/ci_test_bsp\libhal_bsp.a(alt_load.o)
 .debug_abbrev  0x0000000000000366      0x252 C:/PROJECT/temp/qiita/qsf/nios2_ci_sample/software/ci_test_bsp\libhal_bsp.a(alt_main.o)
 .debug_abbrev  0x00000000000005b8      0x10a C:/PROJECT/temp/qiita/qsf/nios2_ci_sample/software/ci_test_bsp\libhal_bsp.a(alt_printf.o)
 .debug_abbrev  0x00000000000006c2      0x24a C:/PROJECT/temp/qiita/qsf/nios2_ci_sample/software/ci_test_bsp\libhal_bsp.a(alt_putchar.o)
 .debug_abbrev  0x000000000000090c      0x249 C:/PROJECT/temp/qiita/qsf/nios2_ci_sample/software/ci_test_bsp\libhal_bsp.a(alt_putstr.o)
 .debug_abbrev  0x0000000000000b55      0x279 C:/PROJECT/temp/qiita/qsf/nios2_ci_sample/software/ci_test_bsp\libhal_bsp.a(alt_sys_init.o)
 .debug_abbrev  0x0000000000000dce      0x251 C:/PROJECT/temp/qiita/qsf/nios2_ci_sample/software/ci_test_bsp\libhal_bsp.a(altera_avalon_jtag_uart_write.o)
 .debug_abbrev  0x000000000000101f      0x1e0 C:/PROJECT/temp/qiita/qsf/nios2_ci_sample/software/ci_test_bsp\libhal_bsp.a(alt_dcache_flush_all.o)
 .debug_abbrev  0x00000000000011ff      0x1e0 C:/PROJECT/temp/qiita/qsf/nios2_ci_sample/software/ci_test_bsp\libhal_bsp.a(alt_icache_flush_all.o)
 .debug_abbrev  0x00000000000013df      0x1e5 C:/PROJECT/temp/qiita/qsf/nios2_ci_sample/software/ci_test_bsp\libhal_bsp.a(altera_nios2_gen2_irq.o)
 .debug_abbrev  0x00000000000015c4      0x1a8 c:/develop/quartus/20.1le/nios2eds/bin/gnu/h-x86_64-mingw32/bin/../lib/gcc/nios2-elf/9.2.1/../../../../../H-x86_64-mingw32/nios2-elf/lib/mno-hw-mul\libsmallc.a(lib_a-strlen.o)

.debug_line     0x0000000000000000     0x17b4
 *(.debug_line)
 .debug_line    0x0000000000000000       0x66 C:/PROJECT/temp/qiita/qsf/nios2_ci_sample/software/ci_test_bsp/obj/HAL/src/crt0.o
 .debug_line    0x0000000000000066      0x246 obj/default/hello_world_small.o
 .debug_line    0x00000000000002ac      0x264 C:/PROJECT/temp/qiita/qsf/nios2_ci_sample/software/ci_test_bsp\libhal_bsp.a(alt_load.o)
 .debug_line    0x0000000000000510      0x315 C:/PROJECT/temp/qiita/qsf/nios2_ci_sample/software/ci_test_bsp\libhal_bsp.a(alt_main.o)
 .debug_line    0x0000000000000825      0x1e8 C:/PROJECT/temp/qiita/qsf/nios2_ci_sample/software/ci_test_bsp\libhal_bsp.a(alt_printf.o)
 .debug_line    0x0000000000000a0d      0x158 C:/PROJECT/temp/qiita/qsf/nios2_ci_sample/software/ci_test_bsp\libhal_bsp.a(alt_putchar.o)
 .debug_line    0x0000000000000b65      0x199 C:/PROJECT/temp/qiita/qsf/nios2_ci_sample/software/ci_test_bsp\libhal_bsp.a(alt_putstr.o)
 .debug_line    0x0000000000000cfe      0x222 C:/PROJECT/temp/qiita/qsf/nios2_ci_sample/software/ci_test_bsp\libhal_bsp.a(alt_sys_init.o)
 .debug_line    0x0000000000000f20      0x24c C:/PROJECT/temp/qiita/qsf/nios2_ci_sample/software/ci_test_bsp\libhal_bsp.a(altera_avalon_jtag_uart_write.o)
 .debug_line    0x000000000000116c      0x188 C:/PROJECT/temp/qiita/qsf/nios2_ci_sample/software/ci_test_bsp\libhal_bsp.a(alt_dcache_flush_all.o)
 .debug_line    0x00000000000012f4      0x186 C:/PROJECT/temp/qiita/qsf/nios2_ci_sample/software/ci_test_bsp\libhal_bsp.a(alt_icache_flush_all.o)
 .debug_line    0x000000000000147a      0x140 C:/PROJECT/temp/qiita/qsf/nios2_ci_sample/software/ci_test_bsp\libhal_bsp.a(altera_nios2_gen2_irq.o)
 .debug_line    0x00000000000015ba      0x1fa c:/develop/quartus/20.1le/nios2eds/bin/gnu/h-x86_64-mingw32/bin/../lib/gcc/nios2-elf/9.2.1/../../../../../H-x86_64-mingw32/nios2-elf/lib/mno-hw-mul\libsmallc.a(lib_a-strlen.o)

.debug_frame    0x0000000000000000      0x21c
 *(.debug_frame)
 .debug_frame   0x0000000000000000       0x40 obj/default/hello_world_small.o
 .debug_frame   0x0000000000000040       0x30 C:/PROJECT/temp/qiita/qsf/nios2_ci_sample/software/ci_test_bsp\libhal_bsp.a(alt_load.o)
 .debug_frame   0x0000000000000070       0x2c C:/PROJECT/temp/qiita/qsf/nios2_ci_sample/software/ci_test_bsp\libhal_bsp.a(alt_main.o)
 .debug_frame   0x000000000000009c       0x44 C:/PROJECT/temp/qiita/qsf/nios2_ci_sample/software/ci_test_bsp\libhal_bsp.a(alt_printf.o)
 .debug_frame   0x00000000000000e0       0x30 C:/PROJECT/temp/qiita/qsf/nios2_ci_sample/software/ci_test_bsp\libhal_bsp.a(alt_putchar.o)
 .debug_frame   0x0000000000000110       0x30 C:/PROJECT/temp/qiita/qsf/nios2_ci_sample/software/ci_test_bsp\libhal_bsp.a(alt_putstr.o)
 .debug_frame   0x0000000000000140       0x3c C:/PROJECT/temp/qiita/qsf/nios2_ci_sample/software/ci_test_bsp\libhal_bsp.a(alt_sys_init.o)
 .debug_frame   0x000000000000017c       0x20 C:/PROJECT/temp/qiita/qsf/nios2_ci_sample/software/ci_test_bsp\libhal_bsp.a(altera_avalon_jtag_uart_write.o)
 .debug_frame   0x000000000000019c       0x20 C:/PROJECT/temp/qiita/qsf/nios2_ci_sample/software/ci_test_bsp\libhal_bsp.a(alt_dcache_flush_all.o)
 .debug_frame   0x00000000000001bc       0x20 C:/PROJECT/temp/qiita/qsf/nios2_ci_sample/software/ci_test_bsp\libhal_bsp.a(alt_icache_flush_all.o)
 .debug_frame   0x00000000000001dc       0x20 C:/PROJECT/temp/qiita/qsf/nios2_ci_sample/software/ci_test_bsp\libhal_bsp.a(altera_nios2_gen2_irq.o)
 .debug_frame   0x00000000000001fc       0x20 c:/develop/quartus/20.1le/nios2eds/bin/gnu/h-x86_64-mingw32/bin/../lib/gcc/nios2-elf/9.2.1/../../../../../H-x86_64-mingw32/nios2-elf/lib/mno-hw-mul\libsmallc.a(lib_a-strlen.o)

.debug_str      0x0000000000000000      0xc40
 *(.debug_str)
 .debug_str     0x0000000000000000       0x5d C:/PROJECT/temp/qiita/qsf/nios2_ci_sample/software/ci_test_bsp/obj/HAL/src/crt0.o
 .debug_str     0x000000000000005d      0x11e obj/default/hello_world_small.o
                                        0x160 (size before relaxing)
 .debug_str     0x000000000000017b      0x4c0 C:/PROJECT/temp/qiita/qsf/nios2_ci_sample/software/ci_test_bsp\libhal_bsp.a(alt_load.o)
                                        0x62a (size before relaxing)
 .debug_str     0x000000000000063b      0x250 C:/PROJECT/temp/qiita/qsf/nios2_ci_sample/software/ci_test_bsp\libhal_bsp.a(alt_main.o)
                                        0x7dc (size before relaxing)
 .debug_str     0x000000000000088b       0x54 C:/PROJECT/temp/qiita/qsf/nios2_ci_sample/software/ci_test_bsp\libhal_bsp.a(alt_printf.o)
                                        0x114 (size before relaxing)
 .debug_str     0x00000000000008df       0x60 C:/PROJECT/temp/qiita/qsf/nios2_ci_sample/software/ci_test_bsp\libhal_bsp.a(alt_putchar.o)
                                        0x571 (size before relaxing)
 .debug_str     0x000000000000093f       0x1c C:/PROJECT/temp/qiita/qsf/nios2_ci_sample/software/ci_test_bsp\libhal_bsp.a(alt_putstr.o)
                                        0x576 (size before relaxing)
 .debug_str     0x000000000000095b       0xd7 C:/PROJECT/temp/qiita/qsf/nios2_ci_sample/software/ci_test_bsp\libhal_bsp.a(alt_sys_init.o)
                                        0x66a (size before relaxing)
 .debug_str     0x0000000000000a32       0x2c C:/PROJECT/temp/qiita/qsf/nios2_ci_sample/software/ci_test_bsp\libhal_bsp.a(altera_avalon_jtag_uart_write.o)
                                        0x62e (size before relaxing)
 .debug_str     0x0000000000000a5e       0x1f C:/PROJECT/temp/qiita/qsf/nios2_ci_sample/software/ci_test_bsp\libhal_bsp.a(alt_dcache_flush_all.o)
                                        0x543 (size before relaxing)
 .debug_str     0x0000000000000a7d       0x1f C:/PROJECT/temp/qiita/qsf/nios2_ci_sample/software/ci_test_bsp\libhal_bsp.a(alt_icache_flush_all.o)
                                        0x543 (size before relaxing)
 .debug_str     0x0000000000000a9c       0x20 C:/PROJECT/temp/qiita/qsf/nios2_ci_sample/software/ci_test_bsp\libhal_bsp.a(altera_nios2_gen2_irq.o)
                                        0x557 (size before relaxing)
 .debug_str     0x0000000000000abc      0x184 c:/develop/quartus/20.1le/nios2eds/bin/gnu/h-x86_64-mingw32/bin/../lib/gcc/nios2-elf/9.2.1/../../../../../H-x86_64-mingw32/nios2-elf/lib/mno-hw-mul\libsmallc.a(lib_a-strlen.o)
                                        0x4d1 (size before relaxing)

.debug_loc      0x0000000000000000      0x477
 *(.debug_loc)
 .debug_loc     0x0000000000000000       0x77 obj/default/hello_world_small.o
 .debug_loc     0x0000000000000077       0x66 C:/PROJECT/temp/qiita/qsf/nios2_ci_sample/software/ci_test_bsp\libhal_bsp.a(alt_load.o)
 .debug_loc     0x00000000000000dd      0x22d C:/PROJECT/temp/qiita/qsf/nios2_ci_sample/software/ci_test_bsp\libhal_bsp.a(alt_printf.o)
 .debug_loc     0x000000000000030a       0x32 C:/PROJECT/temp/qiita/qsf/nios2_ci_sample/software/ci_test_bsp\libhal_bsp.a(alt_putchar.o)
 .debug_loc     0x000000000000033c       0x3f C:/PROJECT/temp/qiita/qsf/nios2_ci_sample/software/ci_test_bsp\libhal_bsp.a(alt_putstr.o)
 .debug_loc     0x000000000000037b       0x25 C:/PROJECT/temp/qiita/qsf/nios2_ci_sample/software/ci_test_bsp\libhal_bsp.a(alt_sys_init.o)
 .debug_loc     0x00000000000003a0       0x93 C:/PROJECT/temp/qiita/qsf/nios2_ci_sample/software/ci_test_bsp\libhal_bsp.a(altera_avalon_jtag_uart_write.o)
 .debug_loc     0x0000000000000433       0x44 c:/develop/quartus/20.1le/nios2eds/bin/gnu/h-x86_64-mingw32/bin/../lib/gcc/nios2-elf/9.2.1/../../../../../H-x86_64-mingw32/nios2-elf/lib/mno-hw-mul\libsmallc.a(lib_a-strlen.o)

.debug_macinfo
 *(.debug_macinfo)

.debug_weaknames
 *(.debug_weaknames)

.debug_funcnames
 *(.debug_funcnames)

.debug_typenames
 *(.debug_typenames)

.debug_varnames
 *(.debug_varnames)

.debug_alt_sim_info
                0x0000000000000000       0x10
 *(.debug_alt_sim_info)
 .debug_alt_sim_info
                0x0000000000000000       0x10 C:/PROJECT/temp/qiita/qsf/nios2_ci_sample/software/ci_test_bsp/obj/HAL/src/crt0.o
                0x0000000000008000                __alt_data_end = 0x8000
                0x0000000000008000                PROVIDE (__alt_stack_pointer = __alt_data_end)
                [!provide]                        PROVIDE (__alt_stack_limit = __alt_stack_base)
                [!provide]                        PROVIDE (__alt_heap_start = end)
                [!provide]                        PROVIDE (__alt_heap_limit = 0x8000)
OUTPUT(ci_test.elf elf32-littlenios2)

.debug_ranges   0x0000000000000000      0x138
 .debug_ranges  0x0000000000000000       0x20 C:/PROJECT/temp/qiita/qsf/nios2_ci_sample/software/ci_test_bsp/obj/HAL/src/crt0.o
 .debug_ranges  0x0000000000000020       0x48 obj/default/hello_world_small.o
 .debug_ranges  0x0000000000000068       0xa0 C:/PROJECT/temp/qiita/qsf/nios2_ci_sample/software/ci_test_bsp\libhal_bsp.a(alt_load.o)
 .debug_ranges  0x0000000000000108       0x20 C:/PROJECT/temp/qiita/qsf/nios2_ci_sample/software/ci_test_bsp\libhal_bsp.a(alt_printf.o)
 .debug_ranges  0x0000000000000128       0x10 c:/develop/quartus/20.1le/nios2eds/bin/gnu/h-x86_64-mingw32/bin/../lib/gcc/nios2-elf/9.2.1/../../../../../H-x86_64-mingw32/nios2-elf/lib/mno-hw-mul\libsmallc.a(lib_a-strlen.o)
